This is LuaHBTeX, Version 1.24.0 (TeX Live 2026)  (format=lualatex 2026.7.7)  9 JUL 2026 13:15
 restricted system commands enabled.
**main.tex
(./main.tex
LaTeX2e <2026-06-01>
L3 programming layer <2026-06-18>
Lua module: luaotfload 2024-12-03 v3.29 Lua based OpenType font support
Lua module: lualibs 2023-07-13 v2.76 ConTeXt Lua standard libraries.
Lua module: lualibs-extended 2023-07-13 v2.76 ConTeXt Lua libraries -- extended collection.
luaotfload | conf : Root cache directory is "C:/Users/GHC/AppData/Roaming/TinyTeX/texmf-var/luatex-cache/generic/names".
luaotfload | init : Loading fontloader "fontloader-2023-12-28.lua" from kpse-resolved path "c:/Users/GHC/AppData/Roaming/TinyTeX/texmf-dist/tex/luatex/luaotfload/fontloader-2023-12-28.lua".
Lua-only attribute luaotfload@noligature = 1
luaotfload | init : Context OpenType loader version 3.134
Inserting `luaotfload.node_processor' in `pre_linebreak_filter'.
Inserting `luaotfload.node_processor' in `hpack_filter'.
Inserting `luaotfload.glyph_stream' in `glyph_stream_provider'.
Inserting `luaotfload.define_font' in `define_font'.
Lua-only attribute luaotfload_color_attribute = 2
luaotfload | conf : Root cache directory is "C:/Users/GHC/AppData/Roaming/TinyTeX/texmf-var/luatex-cache/generic/names".
Inserting `luaotfload.harf.strip_prefix' in `find_opentype_file'.
Inserting `luaotfload.harf.strip_prefix' in `find_truetype_file'.
Removing  `luaotfload.glyph_stream' from `glyph_stream_provider'.
Inserting `luaotfload.harf.glyphstream' in `glyph_stream_provider'.
Inserting `luaotfload.harf.finalize_vlist' in `post_linebreak_filter'.
Inserting `luaotfload.harf.finalize_hlist' in `hpack_filter'.
Inserting `luaotfload.cleanup_files' in `wrapup_run'.
Inserting `luaotfload.harf.finalize_unicode' in `finish_pdffile'.
Inserting `luaotfload.glyphinfo' in `glyph_info'.
Lua-only attribute luaotfload.letterspace_done = 3
Inserting `luaotfload.aux.set_sscale_dimens' in `luaotfload.patch_font'.
Inserting `luaotfload.aux.set_font_index' in `luaotfload.patch_font'.
Inserting `luaotfload.aux.patch_cambria_domh' in `luaotfload.patch_font'.
Inserting `luaotfload.aux.fixup_fontdata' in `luaotfload.patch_font_unsafe'.
Inserting `luaotfload.aux.set_capheight' in `luaotfload.patch_font'.
Inserting `luaotfload.aux.set_xheight' in `luaotfload.patch_font'.
Inserting `luaotfload.rewrite_fontname' in `luaotfload.patch_font'.
Inserting `tracingstacklevels' in `input_level_string'. (c:/Users/GHC/AppData/Roaming/TinyTeX/texmf-dist/tex/latex/extsizes/extreport.cls
Document Class: extreport 1996/10/08 v1.0 Non Standard LaTeX document class
(c:/Users/GHC/AppData/Roaming/TinyTeX/texmf-dist/tex/latex/base/size12.clo
File: size12.clo 2025/01/22 v1.4n Standard LaTeX file (size option)
luaotfload | db : Font names database loaded from C:/Users/GHC/AppData/Roaming/TinyTeX/texmf-var/luatex-cache/generic/names/luaotfload-names.luc.gz) (c:/Users/GHC/AppData/Roaming/TinyTeX/texmf-dist/tex/latex/base/exscale.sty
Package: exscale 2025/12/24 v2.1j Standard LaTeX package exscale
LaTeX Font Info:    Redeclaring symbol font `largesymbols' on input line 57.
LaTeX Font Info:    Overwriting symbol font `largesymbols' in version `normal'
(Font)                  OMX/cmex/m/n --> OMX/cmex/m/n on input line 57.
LaTeX Font Info:    Overwriting symbol font `largesymbols' in version `bold'
(Font)                  OMX/cmex/m/n --> OMX/cmex/m/n on input line 57.
\big@size=\dimen149
)
\c@part=\count274
\c@chapter=\count275
\c@section=\count276
\c@subsection=\count277
\c@subsubsection=\count278
\c@paragraph=\count279
\c@subparagraph=\count280
\c@figure=\count281
\c@table=\count282
\abovecaptionskip=\skip49
\belowcaptionskip=\skip50
\bibindent=\dimen150
) (c:/Users/GHC/AppData/Roaming/TinyTeX/texmf-dist/tex/latex/fontspec/fontspec.sty (c:/Users/GHC/AppData/Roaming/TinyTeX/texmf-dist/tex/latex/l3packages/xparse/xparse.sty (c:/Users/GHC/AppData/Roaming/TinyTeX/texmf-dist/tex/latex/l3kernel/expl3.sty
Package: expl3 2026-06-18 L3 programming layer (loader) 
 (c:/Users/GHC/AppData/Roaming/TinyTeX/texmf-dist/tex/latex/l3backend/l3backend-luatex.def
File: l3backend-luatex.def 2026-02-18 L3 backend support: PDF output (LuaTeX)
\l__color_backend_stack_int=\count283
Inserting `l3color' in `luaotfload.parse_color'.))
Package: xparse 2025-10-09 L3 Experimental document command parser
)
Package: fontspec 2025/09/29 v2.9g Font selection for XeLaTeX and LuaLaTeX
Lua module: fontspec 2025/09/29 v2.9g Font selection for XeLaTeX and LuaLaTeX (c:/Users/GHC/AppData/Roaming/TinyTeX/texmf-dist/tex/latex/fontspec/fontspec-luatex.sty
Package: fontspec-luatex 2025/09/29 v2.9g Font selection for XeLaTeX and LuaLaTeX
\l__fontspec_script_int=\count284
\l__fontspec_language_int=\count285
\l__fontspec_strnum_int=\count286
\l__fontspec_tmp_int=\count287
\l__fontspec_tmpa_int=\count288
\l__fontspec_tmpb_int=\count289
\l__fontspec_tmpc_int=\count290
\l__fontspec_em_int=\count291
\l__fontspec_emdef_int=\count292
\l__fontspec_strong_int=\count293
\l__fontspec_strongdef_int=\count294
\l__fontspec_tmpa_dim=\dimen151
\l__fontspec_tmpb_dim=\dimen152
\l__fontspec_tmpc_dim=\dimen153
 (c:/Users/GHC/AppData/Roaming/TinyTeX/texmf-dist/tex/latex/base/fontenc.sty
Package: fontenc 2025/07/18 v2.1d Standard LaTeX package
) (c:/Users/GHC/AppData/Roaming/TinyTeX/texmf-dist/tex/latex/fontspec/fontspec.cfg)))
luaotfload | cache : Lookup cache loaded from C:/Users/GHC/AppData/Roaming/TinyTeX/texmf-var/luatex-cache/generic/names/luaotfload-lookup-cache.luc.

Package fontspec Info: 
(fontspec)             Font family 'TimesNewRoman(0)' created for font 'Times
(fontspec)             New Roman' with options [Ligatures=TeX].
(fontspec)              
(fontspec)              This font family consists of the following NFSS
(fontspec)             series/shapes:
(fontspec)              
(fontspec)             - 'normal' (m/n) with NFSS spec.: <->"name:Times New
(fontspec)             Roman:mode=node;script=latn;language=dflt;+tlig;"
(fontspec)             - 'small caps'  (m/sc) with NFSS spec.: <->"name:Times
(fontspec)             New
(fontspec)             Roman:mode=node;script=latn;language=dflt;+tlig;+smcp;"
(fontspec)             - 'bold' (b/n) with NFSS spec.: <->"name:Times New
(fontspec)             Roman/B:mode=node;script=latn;language=dflt;+tlig;"
(fontspec)             - 'bold small caps'  (b/sc) with NFSS spec.:
(fontspec)             <->"name:Times New
(fontspec)             Roman/B:mode=node;script=latn;language=dflt;+tlig;+smcp;"
(fontspec)             - 'italic' (m/it) with NFSS spec.: <->"name:Times New
(fontspec)             Roman/I:mode=node;script=latn;language=dflt;+tlig;"
(fontspec)             - 'italic small caps'  (m/scit) with NFSS spec.:
(fontspec)             <->"name:Times New
(fontspec)             Roman/I:mode=node;script=latn;language=dflt;+tlig;+smcp;"
(fontspec)             - 'bold italic' (b/it) with NFSS spec.: <->"name:Times
(fontspec)             New
(fontspec)             Roman/BI:mode=node;script=latn;language=dflt;+tlig;"
(fontspec)             - 'bold italic small caps'  (b/scit) with NFSS spec.:
(fontspec)             <->"name:Times New
(fontspec)             Roman/BI:mode=node;script=latn;language=dflt;+tlig;+smcp;"

 (c:/Users/GHC/AppData/Roaming/TinyTeX/texmf-dist/tex/generic/babel/babel.sty
Package: babel 2026/06/14 v26.9 The multilingual framework for LuaLaTeX, pdfLaTeX and XeLaTeX
 (c:/Users/GHC/AppData/Roaming/TinyTeX/texmf-dist/tex/generic/babel/luababel.def
\bbl@readstream=\read2
\l@dumylang=\language2
Package babel Info: Non-standard hyphenation setup on input line 118.
\l@nohyphenation=\language3
\babelcatcodetablenum=\catcodetable14
\bbl@pattcodes=\catcodetable15
)
\babel@savecnt=\count295
LaTeX Encoding Info:    Redeclaring text command \ij (encoding OT1) on input line 2084.
LaTeX Encoding Info:    Redeclaring text command \IJ (encoding OT1) on input line 2086.
LaTeX Encoding Info:    Redeclaring text command \ij (encoding T1) on input line 2088.
LaTeX Encoding Info:    Redeclaring text command \IJ (encoding T1) on input line 2089.
LaTeX Encoding Info:    Ignoring declaration for text command \ij (encoding ?) on input line 2090.
LaTeX Encoding Info:    Ignoring declaration for text command \IJ (encoding ?) on input line 2092.
LaTeX Encoding Info:    Ignoring declaration for text command \SS (encoding ?) on input line 2117.
\U@D=\dimen154
\l@unhyphenated=\language4
 (c:/Users/GHC/AppData/Roaming/TinyTeX/texmf-dist/tex/generic/babel/luababel.def
\bbl@attr@locale=\attribute4
) (c:/Users/GHC/AppData/Roaming/TinyTeX/texmf-dist/tex/generic/babel/locale/vi/babel-vietnamese.tex)
Package babel Info: Importing font and identification data for 'vietnamese'
(babel)             from babel-vi.ini. Reported on input line 4380.
 (c:/Users/GHC/AppData/Roaming/TinyTeX/texmf-dist/tex/generic/babel-vietnamese/vietnamese.ldf
Language: vietnamese 


Package babel Warning: No hyphenation patterns were preloaded for
(babel)                the language 'Vietnamese' into the format.
(babel)                Please, configure your TeX system to add them and
(babel)                rebuild the format. Now I will use the patterns
(babel)                preloaded for \language=0 instead on input line 36.

Package babel Info: Hyphen rules for 'vietnamese' set to \l@english
(babel)             (\language0). Reported on input line 37.
Package babel Info: Hyphen rules for 'vietnam' set to \l@english
(babel)             (\language0). Reported on input line 38.
Package babel Info: Making " an active character on input line 147.
)) (c:/Users/GHC/AppData/Roaming/TinyTeX/texmf-dist/tex/latex/geometry/geometry.sty
Package: geometry 2026/03/07 v6.0 Page Geometry
 (c:/Users/GHC/AppData/Roaming/TinyTeX/texmf-dist/tex/latex/graphics/keyval.sty
Package: keyval 2026-05-17 v1.15 key=value parser (DPC)
\KV@toks@=\toks17
) (c:/Users/GHC/AppData/Roaming/TinyTeX/texmf-dist/tex/generic/iftex/ifvtex.sty
Package: ifvtex 2019/10/25 v1.7 ifvtex legacy package. Use iftex instead.
 (c:/Users/GHC/AppData/Roaming/TinyTeX/texmf-dist/tex/generic/iftex/iftex.sty
Package: iftex 2024/12/12 v1.0g TeX engine tests
))
\Gm@cnth=\count296
\Gm@cntv=\count297
\c@Gm@tempcnt=\count298
\Gm@bindingoffset=\dimen155
\Gm@wd@mp=\dimen156
\Gm@odd@mp=\dimen157
\Gm@even@mp=\dimen158
\Gm@layoutwidth=\dimen159
\Gm@layoutheight=\dimen160
\Gm@layouthoffset=\dimen161
\Gm@layoutvoffset=\dimen162
\Gm@dimlist=\toks18
) (c:/Users/GHC/AppData/Roaming/TinyTeX/texmf-dist/tex/latex/graphics/graphicx.sty
Package: graphicx 2026-05-17 v1.2e Enhanced LaTeX Graphics (DPC,SPQR)
 (c:/Users/GHC/AppData/Roaming/TinyTeX/texmf-dist/tex/latex/graphics/graphics.sty
Package: graphics 2026-05-17 v1.4h Standard LaTeX Graphics (DPC,SPQR)
 (c:/Users/GHC/AppData/Roaming/TinyTeX/texmf-dist/tex/latex/graphics/trig.sty
Package: trig 2023/12/02 v1.11 sin cos tan (DPC)
) (c:/Users/GHC/AppData/Roaming/TinyTeX/texmf-dist/tex/latex/graphics-cfg/graphics.cfg
File: graphics.cfg 2016/06/04 v1.11 sample graphics configuration
)
Package graphics Info: Driver file: luatex.def on input line 106.
 (c:/Users/GHC/AppData/Roaming/TinyTeX/texmf-dist/tex/latex/graphics-def/luatex.def
File: luatex.def 2025/09/29 v1.2f Graphics/color driver for luatex
))
\Gin@req@height=\dimen163
\Gin@req@width=\dimen164
) (c:/Users/GHC/AppData/Roaming/TinyTeX/texmf-dist/tex/latex/xcolor/xcolor.sty
Package: xcolor 2024/09/29 v3.02 LaTeX color extensions (UK)
 (c:/Users/GHC/AppData/Roaming/TinyTeX/texmf-dist/tex/latex/graphics-cfg/color.cfg
File: color.cfg 2016/01/02 v1.6 sample color configuration
)
Package xcolor Info: Driver file: luatex.def on input line 274.
 (c:/Users/GHC/AppData/Roaming/TinyTeX/texmf-dist/tex/latex/graphics/mathcolor.ltx)
Package xcolor Info: Model `cmy' substituted by `cmy0' on input line 1349.
Package xcolor Info: Model `hsb' substituted by `rgb' on input line 1353.
Package xcolor Info: Model `RGB' extended on input line 1365.
Package xcolor Info: Model `HTML' substituted by `rgb' on input line 1367.
Package xcolor Info: Model `Hsb' substituted by `hsb' on input line 1368.
Package xcolor Info: Model `tHsb' substituted by `hsb' on input line 1369.
Package xcolor Info: Model `HSB' substituted by `hsb' on input line 1370.
Package xcolor Info: Model `Gray' substituted by `gray' on input line 1371.
Package xcolor Info: Model `wave' substituted by `hsb' on input line 1372.
) (c:/Users/GHC/AppData/Roaming/TinyTeX/texmf-dist/tex/latex/booktabs/booktabs.sty
Package: booktabs 2020/01/12 v1.61803398 Publication quality tables
\heavyrulewidth=\dimen165
\lightrulewidth=\dimen166
\cmidrulewidth=\dimen167
\belowrulesep=\dimen168
\belowbottomsep=\dimen169
\aboverulesep=\dimen170
\abovetopsep=\dimen171
\cmidrulesep=\dimen172
\cmidrulekern=\dimen173
\defaultaddspace=\dimen174
\@cmidla=\count299
\@cmidlb=\count300
\@aboverulesep=\dimen175
\@belowrulesep=\dimen176
\@thisruleclass=\count301
\@lastruleclass=\count302
\@thisrulewidth=\dimen177
) (c:/Users/GHC/AppData/Roaming/TinyTeX/texmf-dist/tex/latex/tools/array.sty
Package: array 2026/02/24 v2.7b Tabular extension package (FMi)
\col@sep=\dimen178
\ar@mcellbox=\box53
\extrarowheight=\dimen179
\NC@list=\toks19
\extratabsurround=\skip51
\backup@length=\skip52
\ar@cellbox=\box54
) (c:/Users/GHC/AppData/Roaming/TinyTeX/texmf-dist/tex/latex/tools/longtable.sty
Package: longtable 2026-01-28 v4.27 Multi-page Table package (DPC)
\LTleft=\skip53
\LTright=\skip54
\LTpre=\skip55
\LTpost=\skip56
\LTchunksize=\count303
\LTcapwidth=\dimen180
\LT@head=\box55
\LT@firsthead=\box56
\LT@foot=\box57
\LT@lastfoot=\box58
\LT@gbox=\box59
\LT@cols=\count304
\LT@rows=\count305
\c@LT@tables=\count306
\c@LT@chunks=\count307
\LT@p@ftn=\toks20
) (c:/Users/GHC/AppData/Roaming/TinyTeX/texmf-dist/tex/latex/enumitem/enumitem.sty
Package: enumitem 2025/02/06 v3.11 Customized lists
\labelindent=\skip57
\enit@outerparindent=\dimen181
\enit@toks=\toks21
\enit@inbox=\box60
\enit@count@id=\count308
\enitdp@description=\count309
) (c:/Users/GHC/AppData/Roaming/TinyTeX/texmf-dist/tex/latex/setspace/setspace.sty
Package: setspace 2022/12/04 v6.7b set line spacing
) (c:/Users/GHC/AppData/Roaming/TinyTeX/texmf-dist/tex/latex/amsmath/amsmath.sty
Package: amsmath 2026/05/19 v2.18d AMS math features
\@mathmargin=\skip58

For additional information on amsmath, use the `?' option.
(c:/Users/GHC/AppData/Roaming/TinyTeX/texmf-dist/tex/latex/amsmath/amstext.sty
Package: amstext 2024/11/17 v2.01 AMS text
 (c:/Users/GHC/AppData/Roaming/TinyTeX/texmf-dist/tex/latex/amsmath/amsgen.sty
File: amsgen.sty 1999/11/30 v2.0 generic functions
\@emptytoks=\toks22
\ex@=\dimen182
)) (c:/Users/GHC/AppData/Roaming/TinyTeX/texmf-dist/tex/latex/amsmath/amsbsy.sty
Package: amsbsy 1999/11/29 v1.2d Bold Symbols
\pmbraise@=\dimen183
) (c:/Users/GHC/AppData/Roaming/TinyTeX/texmf-dist/tex/latex/amsmath/amsopn.sty
Package: amsopn 2022/04/08 v2.04 operator names
)
\inf@bad=\count310
LaTeX Info: Redefining \frac on input line 235.
\uproot@=\count311
\leftroot@=\count312
LaTeX Info: Redefining \overline on input line 398.
LaTeX Info: Redefining \colon on input line 409.
\classnum@=\count313
\DOTSCASE@=\count314
LaTeX Info: Redefining \ldots on input line 495.
LaTeX Info: Redefining \dots on input line 498.
LaTeX Info: Redefining \cdots on input line 619.
\Mathstrutbox@=\box61
\strutbox@=\box62
LaTeX Info: Redefining \big on input line 721.
LaTeX Info: Redefining \Big on input line 722.
LaTeX Info: Redefining \bigg on input line 723.
LaTeX Info: Redefining \Bigg on input line 724.
\big@size=\dimen184
LaTeX Font Info:    Redeclaring font encoding OML on input line 742.
LaTeX Font Info:    Redeclaring font encoding OMS on input line 743.
\macc@depth=\count315
LaTeX Info: Redefining \bmod on input line 904.
LaTeX Info: Redefining \pmod on input line 909.
LaTeX Info: Redefining \smash on input line 939.
LaTeX Info: Redefining \relbar on input line 969.
LaTeX Info: Redefining \Relbar on input line 970.
\c@MaxMatrixCols=\count316
\dotsspace@=\muskip17
\c@parentequation=\count317
\dspbrk@lvl=\count318
\tag@help=\toks23
\row@=\count319
\column@=\count320
\maxfields@=\count321
\andhelp@=\toks24
\eqnshift@=\dimen185
\alignsep@=\dimen186
\tagshift@=\dimen187
\tagwidth@=\dimen188
\totwidth@=\dimen189
\lineht@=\dimen190
\@envbody=\toks25
\multlinegap=\skip59
\multlinetaggap=\skip60
\mathdisplay@stack=\toks26
LaTeX Info: Redefining \[ on input line 2965.
LaTeX Info: Redefining \] on input line 2966.
) (c:/Users/GHC/AppData/Roaming/TinyTeX/texmf-dist/tex/latex/hyperref/hyperref.sty
Package: hyperref 2026-06-17 v7.01r Hypertext links for LaTeX
 (c:/Users/GHC/AppData/Roaming/TinyTeX/texmf-dist/tex/latex/kvsetkeys/kvsetkeys.sty
Package: kvsetkeys 2022-10-05 v1.19 Key value parser (HO)
) (c:/Users/GHC/AppData/Roaming/TinyTeX/texmf-dist/tex/generic/kvdefinekeys/kvdefinekeys.sty
Package: kvdefinekeys 2019-12-19 v1.6 Define keys (HO)
) (c:/Users/GHC/AppData/Roaming/TinyTeX/texmf-dist/tex/generic/pdfescape/pdfescape.sty
Package: pdfescape 2019/12/09 v1.15 Implements pdfTeX's escape features (HO)
 (c:/Users/GHC/AppData/Roaming/TinyTeX/texmf-dist/tex/generic/ltxcmds/ltxcmds.sty
Package: ltxcmds 2023-12-04 v1.26 LaTeX kernel commands for general use (HO)
) (c:/Users/GHC/AppData/Roaming/TinyTeX/texmf-dist/tex/generic/pdftexcmds/pdftexcmds.sty
Package: pdftexcmds 2020-06-27 v0.33 Utility functions of pdfTeX for LuaTeX (HO)
 (c:/Users/GHC/AppData/Roaming/TinyTeX/texmf-dist/tex/generic/infwarerr/infwarerr.sty
Package: infwarerr 2019/12/03 v1.5 Providing info/warning/error messages (HO)
)
Package pdftexcmds Info: \pdf@primitive is available.
Package pdftexcmds Info: \pdf@ifprimitive is available.
Package pdftexcmds Info: \pdfdraftmode found.
\pdftexcmds@toks=\toks27
)) (c:/Users/GHC/AppData/Roaming/TinyTeX/texmf-dist/tex/latex/hycolor/hycolor.sty
Package: hycolor 2020-01-27 v1.10 Color options for hyperref/bookmark (HO)
) (c:/Users/GHC/AppData/Roaming/TinyTeX/texmf-dist/tex/latex/hyperref/nameref.sty
Package: nameref 2026-01-29 v2.58 Cross-referencing by name of section
 (c:/Users/GHC/AppData/Roaming/TinyTeX/texmf-dist/tex/latex/refcount/refcount.sty
Package: refcount 2019/12/15 v3.6 Data extraction from label references (HO)
) (c:/Users/GHC/AppData/Roaming/TinyTeX/texmf-dist/tex/generic/gettitlestring/gettitlestring.sty
Package: gettitlestring 2019/12/15 v1.6 Cleanup title references (HO)
 (c:/Users/GHC/AppData/Roaming/TinyTeX/texmf-dist/tex/latex/kvoptions/kvoptions.sty
Package: kvoptions 2022-06-15 v3.15 Key value format for package options (HO)
))
\c@section@level=\count322
) (c:/Users/GHC/AppData/Roaming/TinyTeX/texmf-dist/tex/latex/etoolbox/etoolbox.sty
Package: etoolbox 2025/10/02 v2.5m e-TeX tools for LaTeX (JAW)
\etb@tempcnta=\count323
) (c:/Users/GHC/AppData/Roaming/TinyTeX/texmf-dist/tex/generic/stringenc/stringenc.sty
Package: stringenc 2019/11/29 v1.12 Convert strings between diff. encodings (HO)
)
\@linkdim=\dimen191
\Hy@linkcounter=\count324
\Hy@pagecounter=\count325
 (c:/Users/GHC/AppData/Roaming/TinyTeX/texmf-dist/tex/latex/hyperref/pd1enc.def
File: pd1enc.def 2026-06-17 v7.01r Hyperref: PDFDocEncoding definition (HO)
) (c:/Users/GHC/AppData/Roaming/TinyTeX/texmf-dist/tex/generic/intcalc/intcalc.sty
Package: intcalc 2019/12/15 v1.3 Expandable calculations with integers (HO)
)
\Hy@SavedSpaceFactor=\count326
 (c:/Users/GHC/AppData/Roaming/TinyTeX/texmf-dist/tex/latex/hyperref/puenc.def
File: puenc.def 2026-06-17 v7.01r Hyperref: PDF Unicode definition (HO)
)
Package hyperref Info: Option `colorlinks' set `true' on input line 4070.
Package hyperref Info: Hyper figures OFF on input line 4199.
Package hyperref Info: Link nesting OFF on input line 4204.
Package hyperref Info: Hyper index ON on input line 4207.
Package hyperref Info: Plain pages OFF on input line 4214.
Package hyperref Info: Backreferencing OFF on input line 4219.
Package hyperref Info: Implicit mode ON; LaTeX internals redefined.
Package hyperref Info: Bookmarks ON on input line 4466.
\c@Hy@tempcnt=\count327
 (c:/Users/GHC/AppData/Roaming/TinyTeX/texmf-dist/tex/latex/url/url.sty
\Urlmuskip=\muskip18
Package: url 2013/09/16  ver 3.4  Verb mode for urls, etc.
)
LaTeX Info: Redefining \url on input line 4805.
\XeTeXLinkMargin=\dimen192
 (c:/Users/GHC/AppData/Roaming/TinyTeX/texmf-dist/tex/generic/bitset/bitset.sty
Package: bitset 2019/12/09 v1.3 Handle bit-vector datatype (HO)
 (c:/Users/GHC/AppData/Roaming/TinyTeX/texmf-dist/tex/generic/bigintcalc/bigintcalc.sty
Package: bigintcalc 2019/12/15 v1.5 Expandable calculations on big integers (HO)
))
\Fld@menulength=\count328
\Field@Width=\dimen193
\Fld@charsize=\dimen194
Package hyperref Info: Hyper figures OFF on input line 6091.
Package hyperref Info: Link nesting OFF on input line 6096.
Package hyperref Info: Hyper index ON on input line 6099.
Package hyperref Info: backreferencing OFF on input line 6106.
Package hyperref Info: Link coloring ON on input line 6109.
Package hyperref Info: Link coloring with OCG OFF on input line 6116.
Package hyperref Info: PDF/A mode OFF on input line 6121.
\Hy@abspage=\count329
\c@Item=\count330
\c@Hfootnote=\count331
)
Package hyperref Info: Driver (autodetected): hluatex.
 (c:/Users/GHC/AppData/Roaming/TinyTeX/texmf-dist/tex/latex/hyperref/hluatex.def
File: hluatex.def 2026-06-17 v7.01r Hyperref driver for luaTeX
\Fld@listcount=\count332
\c@bookmark@seq@number=\count333
 (c:/Users/GHC/AppData/Roaming/TinyTeX/texmf-dist/tex/latex/rerunfilecheck/rerunfilecheck.sty
Package: rerunfilecheck 2025-06-21 v1.11 Rerun checks for auxiliary files (HO)
 (c:/Users/GHC/AppData/Roaming/TinyTeX/texmf-dist/tex/generic/uniquecounter/uniquecounter.sty
Package: uniquecounter 2019/12/15 v1.4 Provide unlimited unique counter (HO)
)
Package uniquecounter Info: New unique counter `rerunfilecheck' on input line 284.
)
\Hy@SectionHShift=\skip61
) (c:/Users/GHC/AppData/Roaming/TinyTeX/texmf-dist/tex/latex/bookmark/bookmark.sty
Package: bookmark 2026-05-21 v1.32 PDF bookmarks (HO)
 (c:/Users/GHC/AppData/Roaming/TinyTeX/texmf-dist/tex/latex/bookmark/bkm-luatex.def
File: bkm-luatex.def 2026-05-21 v1.32 bookmark driver for luaTeX (HO)
\BKM@id=\count334
)) (c:/Users/GHC/AppData/Roaming/TinyTeX/texmf-dist/tex/latex/fancyhdr/fancyhdr.sty
Package: fancyhdr 2025/02/07 v5.2 Extensive control of page headers and footers
\f@nch@headwidth=\skip62
\f@nch@offset@elh=\skip63
\f@nch@offset@erh=\skip64
\f@nch@offset@olh=\skip65
\f@nch@offset@orh=\skip66
\f@nch@offset@elf=\skip67
\f@nch@offset@erf=\skip68
\f@nch@offset@olf=\skip69
\f@nch@offset@orf=\skip70
\f@nch@height=\skip71
\f@nch@footalignment=\skip72
\f@nch@widthL=\skip73
\f@nch@widthC=\skip74
\f@nch@widthR=\skip75
\@temptokenb=\toks28
) (c:/Users/GHC/AppData/Roaming/TinyTeX/texmf-dist/tex/latex/titlesec/titlesec.sty
Package: titlesec 2025/01/04 v2.17 Sectioning titles
\ttl@box=\box63
\beforetitleunit=\skip76
\aftertitleunit=\skip77
\ttl@plus=\dimen195
\ttl@minus=\dimen196
\ttl@toksa=\toks29
\titlewidth=\dimen197
\titlewidthlast=\dimen198
\titlewidthfirst=\dimen199
) (c:/Users/GHC/AppData/Roaming/TinyTeX/texmf-dist/tex/latex/tocloft/tocloft.sty
Package: tocloft 2017/08/31 v2.3i parameterised ToC, etc., typesetting
Package tocloft Info: The document has chapter divisions on input line 51.
\cftparskip=\skip78
\cftbeforetoctitleskip=\skip79
\cftaftertoctitleskip=\skip80
\cftbeforepartskip=\skip81
\cftpartnumwidth=\skip82
\cftpartindent=\skip83
\cftbeforechapskip=\skip84
\cftchapindent=\skip85
\cftchapnumwidth=\skip86
\cftbeforesecskip=\skip87
\cftsecindent=\skip88
\cftsecnumwidth=\skip89
\cftbeforesubsecskip=\skip90
\cftsubsecindent=\skip91
\cftsubsecnumwidth=\skip92
\cftbeforesubsubsecskip=\skip93
\cftsubsubsecindent=\skip94
\cftsubsubsecnumwidth=\skip95
\cftbeforeparaskip=\skip96
\cftparaindent=\skip97
\cftparanumwidth=\skip98
\cftbeforesubparaskip=\skip99
\cftsubparaindent=\skip100
\cftsubparanumwidth=\skip101
\cftbeforeloftitleskip=\skip102
\cftafterloftitleskip=\skip103
\cftbeforefigskip=\skip104
\cftfigindent=\skip105
\cftfignumwidth=\skip106
\c@lofdepth=\count335
\c@lotdepth=\count336
\cftbeforelottitleskip=\skip107
\cftafterlottitleskip=\skip108
\cftbeforetabskip=\skip109
\cfttabindent=\skip110
\cfttabnumwidth=\skip111
) (c:/Users/GHC/AppData/Roaming/TinyTeX/texmf-dist/tex/latex/caption/caption.sty
Package: caption 2023/08/05 v3.6o Customizing captions (AR)
 (c:/Users/GHC/AppData/Roaming/TinyTeX/texmf-dist/tex/latex/caption/caption3.sty
Package: caption3 2023/07/31 v2.4d caption3 kernel (AR)
\caption@tempdima=\dimen256
\captionmargin=\dimen257
\caption@leftmargin=\dimen258
\caption@rightmargin=\dimen259
\caption@width=\dimen260
\caption@indent=\dimen261
\caption@parindent=\dimen262
\caption@hangindent=\dimen263
Package caption Info: Standard document class detected.
)
\c@caption@flags=\count337
\c@continuedfloat=\count338
Package caption Info: hyperref package is loaded.
Package caption Info: longtable package is loaded.
 (c:/Users/GHC/AppData/Roaming/TinyTeX/texmf-dist/tex/latex/caption/ltcaption.sty
Package: ltcaption 2021/01/08 v1.4c longtable captions (AR)
)) (c:/Users/GHC/AppData/Roaming/TinyTeX/texmf-dist/tex/latex/float/float.sty
Package: float 2001/11/08 v1.3d Float enhancements (AL)
\c@float@type=\count339
\float@exts=\toks30
\float@box=\box64
\@float@everytoks=\toks31
\@floatcapt=\box65
) (c:/Users/GHC/AppData/Roaming/TinyTeX/texmf-dist/tex/latex/pgf/frontendlayer/tikz.sty (c:/Users/GHC/AppData/Roaming/TinyTeX/texmf-dist/tex/latex/pgf/basiclayer/pgf.sty (c:/Users/GHC/AppData/Roaming/TinyTeX/texmf-dist/tex/latex/pgf/utilities/pgfrcs.sty (c:/Users/GHC/AppData/Roaming/TinyTeX/texmf-dist/tex/generic/pgf/utilities/pgfutil-common.tex
\pgfutil@everybye=\toks32
\pgfutil@tempdima=\dimen264
\pgfutil@tempdimb=\dimen265
) (c:/Users/GHC/AppData/Roaming/TinyTeX/texmf-dist/tex/generic/pgf/utilities/pgfutil-latex.def
\pgfutil@abb=\box66
) (c:/Users/GHC/AppData/Roaming/TinyTeX/texmf-dist/tex/generic/pgf/utilities/pgfrcs.code.tex (c:/Users/GHC/AppData/Roaming/TinyTeX/texmf-dist/tex/generic/pgf/pgf.revision.tex)
Package: pgfrcs 2025-08-29 v3.1.11a (3.1.11a)
))
Package: pgf 2025-08-29 v3.1.11a (3.1.11a)
 (c:/Users/GHC/AppData/Roaming/TinyTeX/texmf-dist/tex/latex/pgf/basiclayer/pgfcore.sty (c:/Users/GHC/AppData/Roaming/TinyTeX/texmf-dist/tex/latex/pgf/systemlayer/pgfsys.sty (c:/Users/GHC/AppData/Roaming/TinyTeX/texmf-dist/tex/generic/pgf/systemlayer/pgfsys.code.tex
Package: pgfsys 2025-08-29 v3.1.11a (3.1.11a)
 (c:/Users/GHC/AppData/Roaming/TinyTeX/texmf-dist/tex/generic/pgf/utilities/pgfkeys.code.tex
\pgfkeys@pathtoks=\toks33
\pgfkeys@temptoks=\toks34
 (c:/Users/GHC/AppData/Roaming/TinyTeX/texmf-dist/tex/generic/pgf/utilities/pgfkeyslibraryfiltered.code.tex
\pgfkeys@tmptoks=\toks35
))
\pgf@x=\dimen266
\pgf@y=\dimen267
\pgf@xa=\dimen268
\pgf@ya=\dimen269
\pgf@xb=\dimen270
\pgf@yb=\dimen271
\pgf@xc=\dimen272
\pgf@yc=\dimen273
\pgf@xd=\dimen274
\pgf@yd=\dimen275
\w@pgf@writea=\write3
\r@pgf@reada=\read3
\c@pgf@counta=\count340
\c@pgf@countb=\count341
\c@pgf@countc=\count342
\c@pgf@countd=\count343
\t@pgf@toka=\toks36
\t@pgf@tokb=\toks37
\t@pgf@tokc=\toks38
\pgf@sys@id@count=\count344
 (c:/Users/GHC/AppData/Roaming/TinyTeX/texmf-dist/tex/generic/pgf/systemlayer/pgf.cfg
File: pgf.cfg 2025-08-29 v3.1.11a (3.1.11a)
)
Driver file for pgf: pgfsys-luatex.def
 (c:/Users/GHC/AppData/Roaming/TinyTeX/texmf-dist/tex/generic/pgf/systemlayer/pgfsys-luatex.def
File: pgfsys-luatex.def 2025-08-29 v3.1.11a (3.1.11a)
 (c:/Users/GHC/AppData/Roaming/TinyTeX/texmf-dist/tex/generic/pgf/systemlayer/pgfsys-common-pdf.def
File: pgfsys-common-pdf.def 2025-08-29 v3.1.11a (3.1.11a)
))) (c:/Users/GHC/AppData/Roaming/TinyTeX/texmf-dist/tex/generic/pgf/systemlayer/pgfsyssoftpath.code.tex
File: pgfsyssoftpath.code.tex 2025-08-29 v3.1.11a (3.1.11a)
\pgfsyssoftpath@smallbuffer@items=\count345
\pgfsyssoftpath@bigbuffer@items=\count346
) (c:/Users/GHC/AppData/Roaming/TinyTeX/texmf-dist/tex/generic/pgf/systemlayer/pgfsysprotocol.code.tex
File: pgfsysprotocol.code.tex 2025-08-29 v3.1.11a (3.1.11a)
)) (c:/Users/GHC/AppData/Roaming/TinyTeX/texmf-dist/tex/generic/pgf/basiclayer/pgfcore.code.tex
Package: pgfcore 2025-08-29 v3.1.11a (3.1.11a)
 (c:/Users/GHC/AppData/Roaming/TinyTeX/texmf-dist/tex/generic/pgf/math/pgfmath.code.tex (c:/Users/GHC/AppData/Roaming/TinyTeX/texmf-dist/tex/generic/pgf/math/pgfmathutil.code.tex) (c:/Users/GHC/AppData/Roaming/TinyTeX/texmf-dist/tex/generic/pgf/math/pgfmathparser.code.tex
\pgfmath@dimen=\dimen276
\pgfmath@count=\count347
\pgfmath@box=\box67
\pgfmath@toks=\toks39
\pgfmath@stack@operand=\toks40
\pgfmath@stack@operation=\toks41
) (c:/Users/GHC/AppData/Roaming/TinyTeX/texmf-dist/tex/generic/pgf/math/pgfmathfunctions.code.tex) (c:/Users/GHC/AppData/Roaming/TinyTeX/texmf-dist/tex/generic/pgf/math/pgfmathfunctions.basic.code.tex) (c:/Users/GHC/AppData/Roaming/TinyTeX/texmf-dist/tex/generic/pgf/math/pgfmathfunctions.trigonometric.code.tex) (c:/Users/GHC/AppData/Roaming/TinyTeX/texmf-dist/tex/generic/pgf/math/pgfmathfunctions.random.code.tex) (c:/Users/GHC/AppData/Roaming/TinyTeX/texmf-dist/tex/generic/pgf/math/pgfmathfunctions.comparison.code.tex) (c:/Users/GHC/AppData/Roaming/TinyTeX/texmf-dist/tex/generic/pgf/math/pgfmathfunctions.base.code.tex) (c:/Users/GHC/AppData/Roaming/TinyTeX/texmf-dist/tex/generic/pgf/math/pgfmathfunctions.round.code.tex) (c:/Users/GHC/AppData/Roaming/TinyTeX/texmf-dist/tex/generic/pgf/math/pgfmathfunctions.misc.code.tex) (c:/Users/GHC/AppData/Roaming/TinyTeX/texmf-dist/tex/generic/pgf/math/pgfmathfunctions.integerarithmetics.code.tex) (c:/Users/GHC/AppData/Roaming/TinyTeX/texmf-dist/tex/generic/pgf/math/pgfmathcalc.code.tex) (c:/Users/GHC/AppData/Roaming/TinyTeX/texmf-dist/tex/generic/pgf/math/pgfmathfloat.code.tex
\c@pgfmathroundto@lastzeros=\count348
)) (c:/Users/GHC/AppData/Roaming/TinyTeX/texmf-dist/tex/generic/pgf/math/pgfint.code.tex) (c:/Users/GHC/AppData/Roaming/TinyTeX/texmf-dist/tex/generic/pgf/basiclayer/pgfcorepoints.code.tex
File: pgfcorepoints.code.tex 2025-08-29 v3.1.11a (3.1.11a)
\pgf@picminx=\dimen277
\pgf@picmaxx=\dimen278
\pgf@picminy=\dimen279
\pgf@picmaxy=\dimen280
\pgf@pathminx=\dimen281
\pgf@pathmaxx=\dimen282
\pgf@pathminy=\dimen283
\pgf@pathmaxy=\dimen284
\pgf@xx=\dimen285
\pgf@xy=\dimen286
\pgf@yx=\dimen287
\pgf@yy=\dimen288
\pgf@zx=\dimen289
\pgf@zy=\dimen290
) (c:/Users/GHC/AppData/Roaming/TinyTeX/texmf-dist/tex/generic/pgf/basiclayer/pgfcorepathconstruct.code.tex
File: pgfcorepathconstruct.code.tex 2025-08-29 v3.1.11a (3.1.11a)
\pgf@path@lastx=\dimen291
\pgf@path@lasty=\dimen292
) (c:/Users/GHC/AppData/Roaming/TinyTeX/texmf-dist/tex/generic/pgf/basiclayer/pgfcorepathusage.code.tex
File: pgfcorepathusage.code.tex 2025-08-29 v3.1.11a (3.1.11a)
\pgf@shorten@end@additional=\dimen293
\pgf@shorten@start@additional=\dimen294
) (c:/Users/GHC/AppData/Roaming/TinyTeX/texmf-dist/tex/generic/pgf/basiclayer/pgfcorescopes.code.tex
File: pgfcorescopes.code.tex 2025-08-29 v3.1.11a (3.1.11a)
\pgfpic=\box68
\pgf@hbox=\box69
\pgf@layerbox@main=\box70
\pgf@picture@serial@count=\count349
) (c:/Users/GHC/AppData/Roaming/TinyTeX/texmf-dist/tex/generic/pgf/basiclayer/pgfcoregraphicstate.code.tex
File: pgfcoregraphicstate.code.tex 2025-08-29 v3.1.11a (3.1.11a)
\pgflinewidth=\dimen295
) (c:/Users/GHC/AppData/Roaming/TinyTeX/texmf-dist/tex/generic/pgf/basiclayer/pgfcoretransformations.code.tex
File: pgfcoretransformations.code.tex 2025-08-29 v3.1.11a (3.1.11a)
\pgf@pt@x=\dimen296
\pgf@pt@y=\dimen297
\pgf@pt@temp=\dimen298
) (c:/Users/GHC/AppData/Roaming/TinyTeX/texmf-dist/tex/generic/pgf/basiclayer/pgfcorequick.code.tex
File: pgfcorequick.code.tex 2025-08-29 v3.1.11a (3.1.11a)
) (c:/Users/GHC/AppData/Roaming/TinyTeX/texmf-dist/tex/generic/pgf/basiclayer/pgfcoreobjects.code.tex
File: pgfcoreobjects.code.tex 2025-08-29 v3.1.11a (3.1.11a)
) (c:/Users/GHC/AppData/Roaming/TinyTeX/texmf-dist/tex/generic/pgf/basiclayer/pgfcorepathprocessing.code.tex
File: pgfcorepathprocessing.code.tex 2025-08-29 v3.1.11a (3.1.11a)
) (c:/Users/GHC/AppData/Roaming/TinyTeX/texmf-dist/tex/generic/pgf/basiclayer/pgfcorearrows.code.tex
File: pgfcorearrows.code.tex 2025-08-29 v3.1.11a (3.1.11a)
\pgfarrowsep=\dimen299
) (c:/Users/GHC/AppData/Roaming/TinyTeX/texmf-dist/tex/generic/pgf/basiclayer/pgfcoreshade.code.tex
File: pgfcoreshade.code.tex 2025-08-29 v3.1.11a (3.1.11a)
\pgf@max=\dimen300
\pgf@sys@shading@range@num=\count350
\pgf@shadingcount=\count351
) (c:/Users/GHC/AppData/Roaming/TinyTeX/texmf-dist/tex/generic/pgf/basiclayer/pgfcoreimage.code.tex
File: pgfcoreimage.code.tex 2025-08-29 v3.1.11a (3.1.11a)
) (c:/Users/GHC/AppData/Roaming/TinyTeX/texmf-dist/tex/generic/pgf/basiclayer/pgfcoreexternal.code.tex
File: pgfcoreexternal.code.tex 2025-08-29 v3.1.11a (3.1.11a)
\pgfexternal@startupbox=\box71
) (c:/Users/GHC/AppData/Roaming/TinyTeX/texmf-dist/tex/generic/pgf/basiclayer/pgfcorelayers.code.tex
File: pgfcorelayers.code.tex 2025-08-29 v3.1.11a (3.1.11a)
) (c:/Users/GHC/AppData/Roaming/TinyTeX/texmf-dist/tex/generic/pgf/basiclayer/pgfcoretransparency.code.tex
File: pgfcoretransparency.code.tex 2025-08-29 v3.1.11a (3.1.11a)
) (c:/Users/GHC/AppData/Roaming/TinyTeX/texmf-dist/tex/generic/pgf/basiclayer/pgfcorepatterns.code.tex
File: pgfcorepatterns.code.tex 2025-08-29 v3.1.11a (3.1.11a)
) (c:/Users/GHC/AppData/Roaming/TinyTeX/texmf-dist/tex/generic/pgf/basiclayer/pgfcorerdf.code.tex
File: pgfcorerdf.code.tex 2025-08-29 v3.1.11a (3.1.11a)
))) (c:/Users/GHC/AppData/Roaming/TinyTeX/texmf-dist/tex/generic/pgf/modules/pgfmoduleshapes.code.tex
File: pgfmoduleshapes.code.tex 2025-08-29 v3.1.11a (3.1.11a)
\pgfnodeparttextbox=\box72
) (c:/Users/GHC/AppData/Roaming/TinyTeX/texmf-dist/tex/generic/pgf/modules/pgfmoduleplot.code.tex
File: pgfmoduleplot.code.tex 2025-08-29 v3.1.11a (3.1.11a)
) (c:/Users/GHC/AppData/Roaming/TinyTeX/texmf-dist/tex/latex/pgf/compatibility/pgfcomp-version-0-65.sty
Package: pgfcomp-version-0-65 2025-08-29 v3.1.11a (3.1.11a)
\pgf@nodesepstart=\dimen301
\pgf@nodesepend=\dimen302
) (c:/Users/GHC/AppData/Roaming/TinyTeX/texmf-dist/tex/latex/pgf/compatibility/pgfcomp-version-1-18.sty
Package: pgfcomp-version-1-18 2025-08-29 v3.1.11a (3.1.11a)
)) (c:/Users/GHC/AppData/Roaming/TinyTeX/texmf-dist/tex/latex/pgf/utilities/pgffor.sty (c:/Users/GHC/AppData/Roaming/TinyTeX/texmf-dist/tex/latex/pgf/utilities/pgfkeys.sty (c:/Users/GHC/AppData/Roaming/TinyTeX/texmf-dist/tex/generic/pgf/utilities/pgfkeys.code.tex)) (c:/Users/GHC/AppData/Roaming/TinyTeX/texmf-dist/tex/latex/pgf/math/pgfmath.sty (c:/Users/GHC/AppData/Roaming/TinyTeX/texmf-dist/tex/generic/pgf/math/pgfmath.code.tex)) (c:/Users/GHC/AppData/Roaming/TinyTeX/texmf-dist/tex/generic/pgf/utilities/pgffor.code.tex
Package: pgffor 2025-08-29 v3.1.11a (3.1.11a)
\pgffor@iter=\dimen303
\pgffor@skip=\dimen304
\pgffor@stack=\toks42
\pgffor@toks=\toks43
)) (c:/Users/GHC/AppData/Roaming/TinyTeX/texmf-dist/tex/generic/pgf/frontendlayer/tikz/tikz.code.tex
Package: tikz 2025-08-29 v3.1.11a (3.1.11a)
 (c:/Users/GHC/AppData/Roaming/TinyTeX/texmf-dist/tex/generic/pgf/libraries/pgflibraryplothandlers.code.tex
File: pgflibraryplothandlers.code.tex 2025-08-29 v3.1.11a (3.1.11a)
\pgf@plot@mark@count=\count352
\pgfplotmarksize=\dimen305
)
\tikz@lastx=\dimen306
\tikz@lasty=\dimen307
\tikz@lastxsaved=\dimen308
\tikz@lastysaved=\dimen309
\tikz@lastmovetox=\dimen310
\tikz@lastmovetoy=\dimen311
\tikzleveldistance=\dimen312
\tikzsiblingdistance=\dimen313
\tikz@figbox=\box73
\tikz@figbox@bg=\box74
\tikz@tempbox=\box75
\tikz@tempbox@bg=\box76
\tikztreelevel=\count353
\tikznumberofchildren=\count354
\tikznumberofcurrentchild=\count355
\tikz@fig@count=\count356
 (c:/Users/GHC/AppData/Roaming/TinyTeX/texmf-dist/tex/generic/pgf/modules/pgfmodulematrix.code.tex
File: pgfmodulematrix.code.tex 2025-08-29 v3.1.11a (3.1.11a)
\pgfmatrixcurrentrow=\count357
\pgfmatrixcurrentcolumn=\count358
\pgf@matrix@numberofcolumns=\count359
)
\tikz@expandcount=\count360
 (c:/Users/GHC/AppData/Roaming/TinyTeX/texmf-dist/tex/generic/pgf/frontendlayer/tikz/libraries/tikzlibrarytopaths.code.tex
File: tikzlibrarytopaths.code.tex 2025-08-29 v3.1.11a (3.1.11a)
))) (c:/Users/GHC/AppData/Roaming/TinyTeX/texmf-dist/tex/generic/pgf/frontendlayer/tikz/libraries/tikzlibraryshapes.geometric.code.tex
File: tikzlibraryshapes.geometric.code.tex 2025-08-29 v3.1.11a (3.1.11a)
 (c:/Users/GHC/AppData/Roaming/TinyTeX/texmf-dist/tex/generic/pgf/libraries/shapes/pgflibraryshapes.geometric.code.tex
File: pgflibraryshapes.geometric.code.tex 2025-08-29 v3.1.11a (3.1.11a)
)) (c:/Users/GHC/AppData/Roaming/TinyTeX/texmf-dist/tex/generic/pgf/libraries/pgflibraryarrows.meta.code.tex
File: pgflibraryarrows.meta.code.tex 2025-08-29 v3.1.11a (3.1.11a)
\pgfarrowinset=\dimen314
\pgfarrowlength=\dimen315
\pgfarrowwidth=\dimen316
\pgfarrowlinewidth=\dimen317
) (c:/Users/GHC/AppData/Roaming/TinyTeX/texmf-dist/tex/generic/pgf/frontendlayer/tikz/libraries/tikzlibrarypositioning.code.tex
File: tikzlibrarypositioning.code.tex 2025-08-29 v3.1.11a (3.1.11a)
) (c:/Users/GHC/AppData/Roaming/TinyTeX/texmf-dist/tex/generic/pgf/frontendlayer/tikz/libraries/tikzlibrarycalc.code.tex
File: tikzlibrarycalc.code.tex 2025-08-29 v3.1.11a (3.1.11a)
) (c:/Users/GHC/AppData/Roaming/TinyTeX/texmf-dist/tex/generic/pgf/frontendlayer/tikz/libraries/tikzlibraryfit.code.tex
File: tikzlibraryfit.code.tex 2025-08-29 v3.1.11a (3.1.11a)
)
(c:/Users/GHC/AppData/Roaming/TinyTeX/texmf-dist/tex/generic/pgf/frontendlayer/tikz/libraries/tikzlibrarybackgrounds.code.tex
File: tikzlibrarybackgrounds.code.tex 2025-08-29 v3.1.11a (3.1.11a)
\pgf@layerbox@background=\box77
\pgf@layerboxsaved@background=\box78
) (c:/Users/GHC/AppData/Roaming/TinyTeX/texmf-dist/tex/latex/pgf-umlcd/pgf-umlcd.sty
Package: pgf-umlcd 2022/05/22 v0.3 Some LaTeX macros for UML Class Diagrams.
 (c:/Users/GHC/AppData/Roaming/TinyTeX/texmf-dist/tex/latex/pgf-umlcd/tikzlibraryumlcd.code.tex (c:/Users/GHC/AppData/Roaming/TinyTeX/texmf-dist/tex/generic/pgf/frontendlayer/tikz/libraries/tikzlibraryarrows.code.tex
File: tikzlibraryarrows.code.tex 2025-08-29 v3.1.11a (3.1.11a)
 (c:/Users/GHC/AppData/Roaming/TinyTeX/texmf-dist/tex/generic/pgf/libraries/pgflibraryarrows.code.tex
File: pgflibraryarrows.code.tex 2025-08-29 v3.1.11a (3.1.11a)
\arrowsize=\dimen318
)) (c:/Users/GHC/AppData/Roaming/TinyTeX/texmf-dist/tex/generic/pgf/frontendlayer/tikz/libraries/tikzlibraryshapes.multipart.code.tex
File: tikzlibraryshapes.multipart.code.tex 2025-08-29 v3.1.11a (3.1.11a)
 (c:/Users/GHC/AppData/Roaming/TinyTeX/texmf-dist/tex/generic/pgf/libraries/shapes/pgflibraryshapes.multipart.code.tex
File: pgflibraryshapes.multipart.code.tex 2025-08-29 v3.1.11a (3.1.11a)
\pgfnodepartlowerbox=\box79
\pgfnodeparttwobox=\box80
\pgfnodepartthreebox=\box81
\pgfnodepartfourbox=\box82
\pgfnodeparttwentybox=\box83
\pgfnodepartnineteenbox=\box84
\pgfnodeparteighteenbox=\box85
\pgfnodepartseventeenbox=\box86
\pgfnodepartsixteenbox=\box87
\pgfnodepartfifteenbox=\box88
\pgfnodepartfourteenbox=\box89
\pgfnodepartthirteenbox=\box90
\pgfnodeparttwelvebox=\box91
\pgfnodepartelevenbox=\box92
\pgfnodeparttenbox=\box93
\pgfnodepartninebox=\box94
\pgfnodeparteightbox=\box95
\pgfnodepartsevenbox=\box96
\pgfnodepartsixbox=\box97
\pgfnodepartfivebox=\box98
))
\pgf@layerbox@connectionlayers=\box99
\pgf@layerboxsaved@connectionlayers=\box100
\pgfumlcd@ClassAttributesNum=\count361
\pgfumlcd@ClassOperationsNum=\count362
\pgfumlcd@ClassAbstractClassNum=\count363
\pgfumlcd@ClassInterfaceNum=\count364
\pgfumlcd@ClassSplitPartNum=\count365
)) (c:/Users/GHC/AppData/Roaming/TinyTeX/texmf-dist/tex/latex/pgf-umlsd/pgf-umlsd.sty
Package: pgf-umlsd 2011/07/27 v0.6 Some LaTeX macros for UML Sequence Diagrams.
 (c:/Users/GHC/AppData/Roaming/TinyTeX/texmf-dist/tex/generic/pgf/frontendlayer/tikz/libraries/tikzlibraryshadows.code.tex
File: tikzlibraryshadows.code.tex 2025-08-29 v3.1.11a (3.1.11a)
 (c:/Users/GHC/AppData/Roaming/TinyTeX/texmf-dist/tex/generic/pgf/frontendlayer/tikz/libraries/tikzlibraryfadings.code.tex
File: tikzlibraryfadings.code.tex 2025-08-29 v3.1.11a (3.1.11a)
 (c:/Users/GHC/AppData/Roaming/TinyTeX/texmf-dist/tex/generic/pgf/libraries/pgflibraryfadings.code.tex
File: pgflibraryfadings.code.tex 2025-08-29 v3.1.11a (3.1.11a)
))) (c:/Users/GHC/AppData/Roaming/TinyTeX/texmf-dist/tex/latex/base/ifthen.sty
Package: ifthen 2024/03/16 v1.1e Standard LaTeX ifthen package (DPC)
)
\c@preinst=\count366
\c@instnum=\count367
\c@threadnum=\count368
\c@seqlevel=\count369
\c@callevel=\count370
\c@callselflevel=\count371
\c@blocklevel=\count372
) (./main.aux
Package babel Info: 'vietnamese' activates 'vietnamese' shorthands.
(babel)             Reported on input line 9.
)
\openout1 = main.aux

LaTeX Font Info:    Checking defaults for OML/cmm/m/it on input line 58.
LaTeX Font Info:    ... okay on input line 58.
LaTeX Font Info:    Checking defaults for OMS/cmsy/m/n on input line 58.
LaTeX Font Info:    ... okay on input line 58.
LaTeX Font Info:    Checking defaults for OT1/cmr/m/n on input line 58.
LaTeX Font Info:    ... okay on input line 58.
LaTeX Font Info:    Checking defaults for T1/cmr/m/n on input line 58.
LaTeX Font Info:    ... okay on input line 58.
LaTeX Font Info:    Checking defaults for TS1/cmr/m/n on input line 58.
LaTeX Font Info:    ... okay on input line 58.
LaTeX Font Info:    Checking defaults for TU/lmr/m/n on input line 58.
LaTeX Font Info:    ... okay on input line 58.
LaTeX Font Info:    Checking defaults for OMX/cmex/m/n on input line 58.
LaTeX Font Info:    ... okay on input line 58.
LaTeX Font Info:    Checking defaults for U/cmr/m/n on input line 58.
LaTeX Font Info:    ... okay on input line 58.
LaTeX Font Info:    Checking defaults for PD1/pdf/m/n on input line 58.
LaTeX Font Info:    ... okay on input line 58.
LaTeX Font Info:    Checking defaults for PU/pdf/m/n on input line 58.
LaTeX Font Info:    ... okay on input line 58.

Package fontspec Info: 
(fontspec)             Adjusting the maths setup (use [no-math] to avoid
(fontspec)             this).

\symlegacymaths=\mathgroup4
LaTeX Font Info:    Overwriting symbol font `legacymaths' in version `bold'
(Font)                  OT1/cmr/m/n --> OT1/cmr/bx/n on input line 58.
LaTeX Font Info:    Redeclaring math accent \acute on input line 58.
LaTeX Font Info:    Redeclaring math accent \grave on input line 58.
LaTeX Font Info:    Redeclaring math accent \ddot on input line 58.
LaTeX Font Info:    Redeclaring math accent \tilde on input line 58.
LaTeX Font Info:    Redeclaring math accent \bar on input line 58.
LaTeX Font Info:    Redeclaring math accent \breve on input line 58.
LaTeX Font Info:    Redeclaring math accent \check on input line 58.
LaTeX Font Info:    Redeclaring math accent \hat on input line 58.
LaTeX Font Info:    Redeclaring math accent \dot on input line 58.
LaTeX Font Info:    Redeclaring math accent \mathring on input line 58.
LaTeX Font Info:    Redeclaring math symbol \Gamma on input line 58.
LaTeX Font Info:    Redeclaring math symbol \Delta on input line 58.
LaTeX Font Info:    Redeclaring math symbol \Theta on input line 58.
LaTeX Font Info:    Redeclaring math symbol \Lambda on input line 58.
LaTeX Font Info:    Redeclaring math symbol \Xi on input line 58.
LaTeX Font Info:    Redeclaring math symbol \Pi on input line 58.
LaTeX Font Info:    Redeclaring math symbol \Sigma on input line 58.
LaTeX Font Info:    Redeclaring math symbol \Upsilon on input line 58.
LaTeX Font Info:    Redeclaring math symbol \Phi on input line 58.
LaTeX Font Info:    Redeclaring math symbol \Psi on input line 58.
LaTeX Font Info:    Redeclaring math symbol \Omega on input line 58.
LaTeX Font Info:    Redeclaring math symbol \mathdollar on input line 58.
LaTeX Font Info:    Redeclaring symbol font `operators' on input line 58.
LaTeX Font Info:    Encoding `OT1' has changed to `TU' for symbol font
(Font)              `operators' in the math version `normal' on input line 58.
LaTeX Font Info:    Overwriting symbol font `operators' in version `normal'
(Font)                  OT1/cmr/m/n --> TU/TimesNewRoman(0)/m/n on input line 58.
LaTeX Font Info:    Encoding `OT1' has changed to `TU' for symbol font
(Font)              `operators' in the math version `bold' on input line 58.
LaTeX Font Info:    Overwriting symbol font `operators' in version `bold'
(Font)                  OT1/cmr/bx/n --> TU/TimesNewRoman(0)/m/n on input line 58.
LaTeX Font Info:    Overwriting symbol font `operators' in version `normal'
(Font)                  TU/TimesNewRoman(0)/m/n --> TU/TimesNewRoman(0)/m/n on input line 58.
LaTeX Font Info:    Overwriting math alphabet `\mathit' in version `normal'
(Font)                  OT1/cmr/m/it --> TU/TimesNewRoman(0)/m/it on input line 58.
LaTeX Font Info:    Overwriting math alphabet `\mathbf' in version `normal'
(Font)                  OT1/cmr/bx/n --> TU/TimesNewRoman(0)/b/n on input line 58.
LaTeX Font Info:    Overwriting math alphabet `\mathsf' in version `normal'
(Font)                  OT1/cmss/m/n --> TU/lmss/m/n on input line 58.
LaTeX Font Info:    Overwriting math alphabet `\mathtt' in version `normal'
(Font)                  OT1/cmtt/m/n --> TU/lmtt/m/n on input line 58.
LaTeX Font Info:    Overwriting symbol font `operators' in version `bold'
(Font)                  TU/TimesNewRoman(0)/m/n --> TU/TimesNewRoman(0)/b/n on input line 58.
LaTeX Font Info:    Overwriting math alphabet `\mathit' in version `bold'
(Font)                  OT1/cmr/bx/it --> TU/TimesNewRoman(0)/b/it on input line 58.
LaTeX Font Info:    Overwriting math alphabet `\mathsf' in version `bold'
(Font)                  OT1/cmss/bx/n --> TU/lmss/b/n on input line 58.
LaTeX Font Info:    Overwriting math alphabet `\mathtt' in version `bold'
(Font)                  OT1/cmtt/m/n --> TU/lmtt/b/n on input line 58.

*geometry* driver: auto-detecting
*geometry* detected driver: luatex
*geometry* verbose mode - [ preamble ] result:
* driver: luatex
* paper: a4paper
* layout: <same size as paper>
* layoutoffset:(h,v)=(0.0pt,0.0pt)
* modes: 
* h-part:(L,W,R)=(85.35826pt, 455.24411pt, 56.9055pt)
* v-part:(T,H,B)=(56.9055pt, 731.23584pt, 56.9055pt)
* \paperwidth=597.50787pt
* \paperheight=845.04684pt
* \textwidth=455.24411pt
* \textheight=731.23584pt
* \oddsidemargin=13.08827pt
* \evensidemargin=13.08827pt
* \topmargin=-52.36449pt
* \headheight=15.0pt
* \headsep=25.0pt
* \topskip=12.0pt
* \footskip=30.0pt
* \marginparwidth=35.0pt
* \marginparsep=10.0pt
* \columnsep=10.0pt
* \skip\footins=10.8pt plus 4.0pt minus 2.0pt
* \hoffset=0.0pt
* \voffset=0.0pt
* \mag=1000
* \@twocolumnfalse
* \@twosidefalse
* \@mparswitchfalse
* \@reversemarginfalse
* (1in=72.27pt=25.4mm, 1cm=28.453pt)

(c:/Users/GHC/AppData/Roaming/TinyTeX/texmf-dist/tex/latex/epstopdf-pkg/epstopdf-base.sty
Package: epstopdf-base 2020-01-24 v2.11 Base part for package epstopdf
Package epstopdf-base Info: Redefining graphics rule for `.eps' on input line 485.
 (c:/Users/GHC/AppData/Roaming/TinyTeX/texmf-dist/tex/latex/latexconfig/epstopdf-sys.cfg
File: epstopdf-sys.cfg 2010/07/13 v1.3 Configuration of (r)epstopdf for TeX Live
))
Package hyperref Info: Link coloring ON on input line 58.
Package caption Info: Begin \AtBeginDocument code.
Package caption Info: float package is loaded.
Package caption Info: End \AtBeginDocument code.
Package babel Info: Main language set to 'vietnamese'.
 [1

{c:/Users/GHC/AppData/Roaming/TinyTeX/texmf-var/fonts/map/pdftex/updmap/pdftex.map}] (./main.toc
warning  (pdf backend): ignoring duplicate destination with the name 'page.1'
[1] [2])
\tf@toc=\write4

\openout4 = main.toc
 [3] (./main.lof
Overfull \hbox (47.63866pt too wide) in paragraph at lines 9--9
 [][] [][][]\TU/TimesNewRoman(0)/m/n/12 Use case phân rã -- Xác thực (UC01--02) và tài khoản (UC03--07: Thêm/Sửa/Xóa/Tìm/Xem 
 []

)
\tf@lof=\write5

\openout5 = main.lof
 [4] (./chapters/chapter1_khao_sat_hien_trang.tex
Chương 1.
[5

] [6] [7]) (./chapters/chapter2_mo_ta_nghiep_vu.tex [8]
Chương 2.

Underfull \hbox (badness 7379) in paragraph at lines 44--45
[]|\TU/TimesNewRoman(0)/m/n/12 UC23--UC27: Lập/Sửa/Xóa/Tìm/Xem DS phiếu
 []


Underfull \hbox (badness 7379) in paragraph at lines 46--47
[]|\TU/TimesNewRoman(0)/m/n/12 UC28--UC32: Lập/Sửa/Xóa/Tìm/Xem DS phiếu
 []

[9

]
Overfull \hbox (59.25243pt too wide) in paragraph at lines 94--95
\TU/TimesNewRoman(0)/b/n/12 Mô tả\TU/TimesNewRoman(0)/m/n/12 : Nhiều kho (mã, tên, địa chỉ, phụ trách, trạng thái). Tồn theo cặp (kho, hàng). Đủ thêm/sửa/xóa/tìm/xem
 []

[10]
Overfull \hbox (25.67166pt too wide) in paragraph at lines 123--124
[]\TU/TimesNewRoman(0)/b/n/12 Dữ liệu\TU/TimesNewRoman(0)/m/n/12 : \TU/lmtt/m/n/12 PhieuXuatKho\TU/TimesNewRoman(0)/m/n/12 , \TU/lmtt/m/n/12 ChiTietPhieuXuat\TU/TimesNewRoman(0)/m/n/12 , \TU/lmtt/m/n/12 TonKho\TU/TimesNewRoman(0)/m/n/12 , \TU/lmtt/m/n/12 Kho\TU/TimesNewRoman(0)/m/n/12 , \TU/lmtt/m/n/12 HangHoa\TU/TimesNewRoman(0)/m/n/12 . \TU/TimesNewRoman(0)/b/n/12 Use case\TU/TimesNewRoman(0)/m/n/12 : UC28--UC32. 
 []

(./diagrams/tex/2.1_activity_nhapkho.tex) [11] (./diagrams/tex/2.2_activity_xuatkho.tex) [12] (./diagrams/tex/2.3_activity_kiemke.tex) [13]) (./chapters/chapter3_phan_tich_chuc_nang.tex [14]
Chương 3.

Underfull \hbox (badness 10000) in paragraph at lines 43--44
[]|\TU/TimesNewRoman(0)/m/n/12 Lập/sửa/xóa/tìm/xem phiếu nhập--xuất--kiểm kê;
 []

(./diagrams/tex/3.4_usecase.tex) [15

]
Overfull \hbox (3.13435pt too wide) in paragraph at lines 66--67
\TU/TimesNewRoman(0)/b/n/12 không \TU/TimesNewRoman(0)/m/n/12 nối kho hay báo cáo. QL nối các nghiệp vụ kho + báo cáo; NV nối danh mục/phiếu
 []

(./diagrams/tex/3.5_usecase_user_management.tex
Underfull \hbox (badness 10000) in paragraph at lines 37--37
[]\TU/TimesNewRoman(0)/m/n/12 Hình 3.2: |Use case phân rã -- Xác thực (UC01--02) và tài khoản (UC03--07:
 []

) [16] (./diagrams/tex/3.6_usecase_partner_management.tex) [17] (./diagrams/tex/3.7_usecase_item_management.tex) (./diagrams/tex/3.8_usecase_inventory_management.tex)
Overfull \hbox (62.94249pt too wide) in paragraph at lines 92--93
\TU/TimesNewRoman(0)/m/n/12 Giải thích sơ đồ: \TU/TimesNewRoman(0)/b/n/12 Phiếu nhập UC23--UC27 \TU/TimesNewRoman(0)/m/n/12 và \TU/TimesNewRoman(0)/b/n/12 phiếu xuất UC28--UC32 \TU/TimesNewRoman(0)/m/n/12 mỗi nhóm đủ Lập/Sửa/Xóa/Tìm/Xem
 []

[18] [19] [20] [21] [22] [23] [24] [25] [26] [27] [28] [29] [30] [31] [32]
Overfull \hbox (74.30722pt too wide) in paragraph at lines 739--740
[]\TU/TimesNewRoman(0)/b/n/12 Luồng sự kiện chính\TU/TimesNewRoman(0)/m/n/12 : Mở menu phiếu $\OMS/cmsy/m/n/12 !$ \TU/TimesNewRoman(0)/m/n/12 tải danh sách $\OMS/cmsy/m/n/12 !$ \TU/TimesNewRoman(0)/m/n/12 chọn thao tác tiếp (UC23/UC24/UC25/UC26
 []

[33] [34]
Overfull \hbox (74.30722pt too wide) in paragraph at lines 802--803
[]\TU/TimesNewRoman(0)/b/n/12 Luồng sự kiện chính\TU/TimesNewRoman(0)/m/n/12 : Mở menu phiếu $\OMS/cmsy/m/n/12 !$ \TU/TimesNewRoman(0)/m/n/12 tải danh sách $\OMS/cmsy/m/n/12 !$ \TU/TimesNewRoman(0)/m/n/12 chọn thao tác tiếp (UC28/UC29/UC30/UC31
 []

) (./chapters/chapter4_phan_tich_hanh_vi.tex [35]
Chương 4.

Underfull \hbox (badness 2671) in paragraph at lines 44--44
[]|\TU/TimesNewRoman(0)/m/n/12 Phiếu xuất (ghi chú/lý do,
 []

(./diagrams/tex/4.1_classdiagram_master.tex
Underfull \hbox (badness 1418) in paragraph at lines 75--75
[][]\TU/TimesNewRoman(0)/m/n/12 + MaKho: String 
 []


Underfull \hbox (badness 1303) in paragraph at lines 75--75
\TU/TimesNewRoman(0)/m/n/12 + TenKho: String 
 []


Underfull \hbox (badness 1571) in paragraph at lines 75--75
\TU/TimesNewRoman(0)/m/n/12 + Di-aChi: String 
 []


Underfull \hbox (badness 1748) in paragraph at lines 75--75
\TU/TimesNewRoman(0)/m/n/12 + HoTen: String 
 []


Underfull \hbox (badness 1735) in paragraph at lines 75--75
\TU/TimesNewRoman(0)/m/n/12 + VaiTro: String 
 []


Underfull \hbox (badness 1571) in paragraph at lines 75--75
\TU/TimesNewRoman(0)/m/n/12 + Di-aChi: String 
 []


Underfull \hbox (badness 2088) in paragraph at lines 75--75
\TU/TimesNewRoman(0)/m/n/12 + Email: String 
 []


Underfull \hbox (badness 1418) in paragraph at lines 75--75
[][]\TU/TimesNewRoman(0)/m/n/12 + MaKho: String 
 []

) [36

] (./diagrams/tex/4.2_classdiagram_nhapxuat.tex
Underfull \hbox (badness 1418) in paragraph at lines 54--54
\TU/TimesNewRoman(0)/m/n/12 + MaKho: String 
 []


Underfull \hbox (badness 1418) in paragraph at lines 54--54
\TU/TimesNewRoman(0)/m/n/12 + MaKho: String 
 []


Underfull \hbox (badness 1325) in paragraph at lines 54--54
\TU/TimesNewRoman(0)/m/n/12 + GhiChu: String 
 []

) [37] (./diagrams/tex/4.3_classdiagram_kiemke_donhang.tex
Underfull \hbox (badness 1418) in paragraph at lines 36--36
\TU/TimesNewRoman(0)/m/n/12 + MaKho: String 
 []


Underfull \hbox (badness 1521) in paragraph at lines 36--36
[][]\TU/TimesNewRoman(0)/m/n/12 + Ma-Log: String 
 []

) [38]
Overfull \hbox (80.25565pt too wide) in paragraph at lines 96--97
[]\TU/TimesNewRoman(0)/b/n/12 Phương thức liên quan\TU/TimesNewRoman(0)/m/n/12 : \TU/lmtt/m/n/12 themTaiKhoan \TU/TimesNewRoman(0)/m/n/12 (UC03), \TU/lmtt/m/n/12 suaTaiKhoan \TU/TimesNewRoman(0)/m/n/12 (UC04), \TU/lmtt/m/n/12 xoaTaiKhoan\TU/TimesNewRoman(0)/m/n/12 /\TU/lmtt/m/n/12 khoaMoTaiKhoan
 []

(./diagrams/tex/6.2_class_uc03.tex
Underfull \hbox (badness 1748) in paragraph at lines 27--27
\TU/TimesNewRoman(0)/m/n/12 + HoTen: String 
 []


Underfull \hbox (badness 1735) in paragraph at lines 27--27
\TU/TimesNewRoman(0)/m/n/12 + VaiTro: String 
 []


Underfull \hbox (badness 2951) in paragraph at lines 27--27
[][]\TU/TimesNewRoman(0)/m/n/12 + dan-gN-hap() 
 []


Underfull \hbox (badness 1521) in paragraph at lines 27--27
[][]\TU/TimesNewRoman(0)/m/n/12 + Ma-Log: String 
 []

)
Overfull \hbox (5.65118pt too wide) in paragraph at lines 114--115
[]\TU/TimesNewRoman(0)/b/n/12 Quan hệ chính\TU/TimesNewRoman(0)/m/n/12 : HangHoa thuộc 1 NhomHangHoa; đo bằng 1 DonViT-inh; có nhiều TonKho
 []


Overfull \hbox (48.52435pt too wide) in paragraph at lines 116--117
[]\TU/TimesNewRoman(0)/b/n/12 Phương thức liên quan\TU/TimesNewRoman(0)/m/n/12 : \TU/lmtt/m/n/12 HangHoa.themHangHoa()\TU/TimesNewRoman(0)/m/n/12 , \TU/lmtt/m/n/12 TonKho.khoiTaoTon() \TU/TimesNewRoman(0)/m/n/12 / \TU/lmtt/m/n/12 capNhatTonKho()\TU/TimesNewRoman(0)/m/n/12 ;
 []

(./diagrams/tex/4.4_class_uc05.tex
Underfull \hbox (badness 1418) in paragraph at lines 46--46
[][]\TU/TimesNewRoman(0)/m/n/12 + MaKho: String 
 []

) [39]
Overfull \hbox (1.26707pt too wide) in paragraph at lines 120--121
[]\TU/TimesNewRoman(0)/m/n/12 Giải thích sơ đồ: Cắt lát cấu trúc cho UC13. \TU/lmtt/m/n/12 HangHoa \TU/TimesNewRoman(0)/m/n/12 ở giữa, quan hệ n..1 với \TU/lmtt/m/n/12 NhomHangHoa
 []


Overfull \hbox (26.1325pt too wide) in paragraph at lines 126--127
[]\TU/TimesNewRoman(0)/b/n/12 Lớp tham gia\TU/TimesNewRoman(0)/m/n/12 : \TU/lmtt/m/n/12 NguoiDung\TU/TimesNewRoman(0)/m/n/12 , \TU/lmtt/m/n/12 PhieuNhapKho\TU/TimesNewRoman(0)/m/n/12 , \TU/lmtt/m/n/12 ChiTietPhieuNhap\TU/TimesNewRoman(0)/m/n/12 , \TU/lmtt/m/n/12 NhaCungCap\TU/TimesNewRoman(0)/m/n/12 , \TU/lmtt/m/n/12 Kho\TU/TimesNewRoman(0)/m/n/12 , \TU/lmtt/m/n/12 HangHoa\TU/TimesNewRoman(0)/m/n/12 ,
 []


Overfull \hbox (2.59744pt too wide) in paragraph at lines 136--137
[]\TU/TimesNewRoman(0)/b/n/12 Phương thức liên quan\TU/TimesNewRoman(0)/m/n/12 : \TU/lmtt/m/n/12 PhieuNhapKho.lapPhieuNhap()\TU/TimesNewRoman(0)/m/n/12 , \TU/lmtt/m/n/12 themChiTiet\TU/TimesNewRoman(0)/m/n/12 , \TU/lmtt/m/n/12 guiDuyet()\TU/TimesNewRoman(0)/m/n/12 ,
 []

(./diagrams/tex/4.5_class_uc09.tex
Underfull \hbox (badness 1418) in paragraph at lines 60--60
\TU/TimesNewRoman(0)/m/n/12 + MaKho: String 
 []


Underfull \hbox (badness 1418) in paragraph at lines 60--60
[][]\TU/TimesNewRoman(0)/m/n/12 + MaKho: String 
 []


Underfull \hbox (badness 1418) in paragraph at lines 60--60
[][]\TU/TimesNewRoman(0)/m/n/12 + MaKho: String 
 []

) [40]
Overfull \hbox (1.41254pt too wide) in paragraph at lines 146--147
[]\TU/TimesNewRoman(0)/b/n/12 Lớp tham gia\TU/TimesNewRoman(0)/m/n/12 : \TU/lmtt/m/n/12 NguoiDung\TU/TimesNewRoman(0)/m/n/12 , \TU/lmtt/m/n/12 PhieuXuatKho\TU/TimesNewRoman(0)/m/n/12 , \TU/lmtt/m/n/12 ChiTietPhieuXuat\TU/TimesNewRoman(0)/m/n/12 , \TU/lmtt/m/n/12 Kho\TU/TimesNewRoman(0)/m/n/12 , \TU/lmtt/m/n/12 HangHoa\TU/TimesNewRoman(0)/m/n/12 , \TU/lmtt/m/n/12 TonKho\TU/TimesNewRoman(0)/m/n/12 . 
 []


Overfull \hbox (42.60876pt too wide) in paragraph at lines 150--151
[]\TU/TimesNewRoman(0)/b/n/12 Phương thức liên quan\TU/TimesNewRoman(0)/m/n/12 : \TU/lmtt/m/n/12 PhieuXuatKho.lapPhieu()\TU/TimesNewRoman(0)/m/n/12 , \TU/lmtt/m/n/12 themChiTiet \TU/TimesNewRoman(0)/m/n/12 (kèm \TU/lmtt/m/n/12 TonKho.kiemTraDu\TU/TimesNewRoman(0)/m/n/12 ),
 []

(./diagrams/tex/4.6_class_uc10.tex
Underfull \hbox (badness 1418) in paragraph at lines 56--56
\TU/TimesNewRoman(0)/m/n/12 + MaKho: String 
 []


Underfull \hbox (badness 1325) in paragraph at lines 56--56
\TU/TimesNewRoman(0)/m/n/12 + GhiChu: String 
 []


Underfull \hbox (badness 1418) in paragraph at lines 56--56
[][]\TU/TimesNewRoman(0)/m/n/12 + MaKho: String 
 []


Underfull \hbox (badness 1418) in paragraph at lines 56--56
[][]\TU/TimesNewRoman(0)/m/n/12 + MaKho: String 
 []

) [41]
Underfull \hbox (badness 10000) in paragraph at lines 167--167
[]|\TU/TimesNewRoman(0)/m/n/12 MaN-guoiDung, Ten-Dan-gN-
 []


Underfull \hbox (badness 10000) in paragraph at lines 169--169
[]|\TU/TimesNewRoman(0)/m/n/12 Ma-HangHoa, Ten-HangHoa,
 []


Underfull \hbox (badness 7047) in paragraph at lines 169--169
\TU/TimesNewRoman(0)/m/n/12 MaN-hom, MaDVT, Gi-aN-hap,
 []


Underfull \hbox (badness 10000) in paragraph at lines 175--175
[]|\TU/TimesNewRoman(0)/m/n/12 MaNCC, Ten, Di-aChi, SDT,
 []


Underfull \hbox (badness 10000) in paragraph at lines 177--177
[]|\TU/TimesNewRoman(0)/m/n/12 MaKho, TenKho, Di-aChi,
 []


Underfull \hbox (badness 10000) in paragraph at lines 179--179
[]|\TU/TimesNewRoman(0)/m/n/12 MaKho, Ma-HangHoa, SoLu-
 []


Underfull \hbox (badness 10000) in paragraph at lines 181--181
[]|\TU/TimesNewRoman(0)/m/n/12 Ma-Phieu, MaNCC, MaKho,
 []


Underfull \hbox (badness 6188) in paragraph at lines 181--181
\TU/TimesNewRoman(0)/m/n/12 MaNV, NgayN-hap, Tong-Tien,
 []


Underfull \hbox (badness 10000) in paragraph at lines 183--183
[]|\TU/TimesNewRoman(0)/m/n/12 Chi-Ti-et-Phie-uN-
 []


Underfull \hbox (badness 6641) in paragraph at lines 183--183
[]|\TU/TimesNewRoman(0)/m/n/12 Ma-Phieu, Ma-Hang, SoLu-ong,
 []


Underfull \hbox (badness 10000) in paragraph at lines 185--185
[]|\TU/TimesNewRoman(0)/m/n/12 Ma-Phieu, MaKho, MaNV,
 []


Underfull \hbox (badness 10000) in paragraph at lines 187--187
[]|\TU/TimesNewRoman(0)/m/n/12 Chi-Ti-et-PhieuX-
 []


Underfull \hbox (badness 6641) in paragraph at lines 187--187
[]|\TU/TimesNewRoman(0)/m/n/12 Ma-Phieu, Ma-Hang, SoLu-ong,
 []


Underfull \hbox (badness 10000) in paragraph at lines 189--189
[]|\TU/TimesNewRoman(0)/m/n/12 Ma-Phieu, MaKho, MaNV,
 []


Underfull \hbox (badness 1158) in paragraph at lines 191--191
[]|\TU/TimesNewRoman(0)/m/n/12 Ma-Phieu, Ma-Hang, SLThucTe,
 []


Underfull \hbox (badness 7221) in paragraph at lines 193--193
[]|\TU/TimesNewRoman(0)/m/n/12 Ma-Log, MaN-guoiDung, Han-
 []

[42]
Underfull \hbox (badness 10000) in paragraph at lines 212--212
[]|\TU/lmtt/m/n/12 dangNhap(ten,
 []


Overfull \hbox (16.45836pt too wide) in paragraph at lines 216--216
[]|\TU/lmtt/m/n/12 themTaiKhoan(thongTin)| 
 []


Underfull \hbox (badness 10000) in paragraph at lines 218--218
[]|\TU/lmtt/m/n/12 suaTaiKhoan(ma,
 []


Underfull \hbox (badness 10000) in paragraph at lines 220--220
[]|\TU/lmtt/m/n/12 xoaTaiKhoan(ma) \TU/TimesNewRoman(0)/m/n/12 /
 []


Underfull \hbox (badness 10000) in paragraph at lines 220--220
\TU/lmtt/m/n/12 khoaMoTaiKhoan(ma,
 []


Overfull \hbox (22.63835pt too wide) in paragraph at lines 222--222
[]|\TU/lmtt/m/n/12 timKiemTaiKhoan(tuKhoa,
 []


Overfull \hbox (10.27837pt too wide) in paragraph at lines 224--224
[]|\TU/lmtt/m/n/12 layDanhSachTaiKhoan()| 
 []


Overfull \hbox (16.45836pt too wide) in paragraph at lines 226--226
[]|\TU/lmtt/m/n/12 kiemTraQuyen(hanhDong)| 
 []


Overfull \hbox (10.27837pt too wide) in paragraph at lines 241--241
[]|\TU/lmtt/m/n/12 themHangHoa(thongTin)| 
 []


Underfull \hbox (badness 10000) in paragraph at lines 243--243
[]|\TU/lmtt/m/n/12 capNhatThongTin(ma,
 []


Underfull \hbox (badness 10000) in paragraph at lines 245--245
[]|\TU/lmtt/m/n/12 ngungSuDung(ma) \TU/TimesNewRoman(0)/m/n/12 /
 []


Underfull \hbox (badness 10000) in paragraph at lines 247--247
[]|\TU/lmtt/m/n/12 timKiem(tuKhoa,
 []

[43]
Underfull \hbox (badness 10000) in paragraph at lines 266--266
[]|\TU/lmtt/m/n/12 khoiTaoTon(maKho,
 []


Underfull \hbox (badness 10000) in paragraph at lines 268--268
[]|\TU/lmtt/m/n/12 tangTon(maKho,
 []


Underfull \hbox (badness 10000) in paragraph at lines 270--270
[]|\TU/lmtt/m/n/12 giamTon(maKho,
 []


Underfull \hbox (badness 10000) in paragraph at lines 272--272
[]|\TU/lmtt/m/n/12 kiemTraDu(maKho,
 []


Underfull \hbox (badness 10000) in paragraph at lines 274--274
[]|\TU/lmtt/m/n/12 ganTheoKiemKe(maKho,
 []


Underfull \hbox (badness 10000) in paragraph at lines 276--276
[]|\TU/lmtt/m/n/12 layTon(maKho,
 []


Overfull \hbox (22.63835pt too wide) in paragraph at lines 291--291
[]|\TU/lmtt/m/n/12 lapPhieu(thongTinChung)| 
 []


Overfull \hbox (10.27837pt too wide) in paragraph at lines 293--293
[]|\TU/lmtt/m/n/12 themChiTiet(dongHang)| 
 []


Overfull \hbox (22.63835pt too wide) in paragraph at lines 316--316
[]|\TU/lmtt/m/n/12 lapPhieu(thongTinChung)| 
 []


Overfull \hbox (10.27837pt too wide) in paragraph at lines 318--318
[]|\TU/lmtt/m/n/12 themChiTiet(dongHang)| 
 []


Underfull \hbox (badness 10000) in paragraph at lines 341--341
[]|\TU/lmtt/m/n/12 taoPhieu(maKho,
 []


Underfull \hbox (badness 10000) in paragraph at lines 343--343
[]|\TU/lmtt/m/n/12 nhapSoThucTe(maHang,
 []


Underfull \hbox (badness 3428) in paragraph at lines 347--348
[]|\TU/TimesNewRoman(0)/m/n/12 QL duyệt: gọi \TU/lmtt/m/n/12 TonKho.ganTheoKiemKe \TU/TimesNewRoman(0)/m/n/12 cho
 []

[44]
Underfull \hbox (badness 3148) in paragraph at lines 362--363
[]|\TU/TimesNewRoman(0)/m/n/12 Thêm bản ghi mới: NCC (UC08) hoặc Kho
 []


Underfull \hbox (badness 10000) in paragraph at lines 364--364
[]|\TU/lmtt/m/n/12 capNhat(ma,
 []


Underfull \hbox (badness 10000) in paragraph at lines 366--366
[]|\TU/lmtt/m/n/12 xoa(ma) \TU/TimesNewRoman(0)/m/n/12 /
 []


Underfull \hbox (badness 10000) in paragraph at lines 385--385
[]|\TU/lmtt/m/n/12 ghiLog(nguoiDung,
 []


Underfull \hbox (badness 10000) in paragraph at lines 385--385
\TU/lmtt/m/n/12 hanhDong, doiTuong,
 []


Overfull \hbox (7.36617pt too wide) in paragraph at lines 392--393
[]\TU/TimesNewRoman(0)/b/n/12 UC01/UC02\TU/TimesNewRoman(0)/m/n/12 : \TU/lmtt/m/n/12 NguoiDung.dangNhap \TU/TimesNewRoman(0)/m/n/12 / \TU/lmtt/m/n/12 dangXuat\TU/TimesNewRoman(0)/m/n/12 ; có thể kèm \TU/lmtt/m/n/12 LichSuThaoTac.ghiLog\TU/TimesNewRoman(0)/m/n/12 . 
 []


Overfull \hbox (5.42166pt too wide) in paragraph at lines 393--394
[]\TU/TimesNewRoman(0)/b/n/12 UC03\TU/TimesNewRoman(0)/m/n/12 : \TU/lmtt/m/n/12 themTaiKhoan\TU/TimesNewRoman(0)/m/n/12 ; \TU/TimesNewRoman(0)/b/n/12 UC04\TU/TimesNewRoman(0)/m/n/12 : \TU/lmtt/m/n/12 suaTaiKhoan\TU/TimesNewRoman(0)/m/n/12 ; \TU/TimesNewRoman(0)/b/n/12 UC05\TU/TimesNewRoman(0)/m/n/12 : \TU/lmtt/m/n/12 xoaTaiKhoan\TU/TimesNewRoman(0)/m/n/12 /\TU/lmtt/m/n/12 khoaMoTaiKhoan\TU/TimesNewRoman(0)/m/n/12 ;
 []

[45]) (./chapters/chapter5_phan_tich_tuong_tac.tex [46]
Chương 5.
(./diagrams/tex/5.7_sequence_uc01.tex
\pgf@layerbox@umlsd@background=\box101
\pgf@layerboxsaved@umlsd@background=\box102
\pgf@layerbox@umlsd@threadlayer=\box103
\pgf@layerboxsaved@umlsd@threadlayer=\box104
) [47

] (./diagrams/tex/5.1_sequence_uc05.tex) (./diagrams/tex/5.2_sequence_uc06.tex) [48]
Overfull \hbox (19.07964pt too wide) in paragraph at lines 60--61
[]\TU/TimesNewRoman(0)/b/n/12 Đối tượng tham gia\TU/TimesNewRoman(0)/m/n/12 : NV kho, QL kho, giao diện phiếu nhập, hệ thống, CSDL (\TU/lmtt/m/n/12 PhieuNhapKho\TU/TimesNewRoman(0)/m/n/12 ,
 []

(./diagrams/tex/5.3_sequence_uc09.tex) [49] (./diagrams/tex/5.4_sequence_uc10.tex) [50] (./diagrams/tex/5.5_state_phieu_nhap.tex) [51] (./diagrams/tex/5.6_state_phieu_xuat.tex)) (./chapters/chapter6_thiet_ke_lop_chi_tiet.tex [52]
Chương 6.
(./diagrams/tex/6.1_component.tex)
Overfull \hbox (2.70459pt too wide) in paragraph at lines 24--25
[]\TU/TimesNewRoman(0)/m/n/12 NhaCung-Cap 1--n Phie-uN-hap-Kho; PhieuX-u-atKho không gắn khách hàng (chỉ ghi chú/lý
 []

[53

]) (./chapters/chapter7_thiet_ke_csdl_va_giao_dien.tex [54]
Chương 7.
[55

]
Underfull \hbox (badness 10000) in paragraph at lines 92--93
[]|$\OMS/cmsy/m/n/12 $ \TU/TimesNewRoman(0)/m/n/12 0; cập nhật khi duyệt
 []

(./diagrams/tex/7.3_ui_navigation.tex) [56]
Overfull \hbox (34.52791pt too wide) in paragraph at lines 132--133
[]\TU/TimesNewRoman(0)/m/n/12 Hàng hóa (UC13--UC17); NCC (UC08--UC12); Kho (UC18--UC22); Tài khoản (UC03--UC07)
 []

) [57] (./main.aux)
 ***********
LaTeX2e <2026-06-01>
L3 programming layer <2026-06-18>
 ***********


LaTeX Warning: Label(s) may have changed. Rerun to get cross-references right.

)

Here is how much of LuaTeX's memory you used:
 31575 strings out of 475704
 125036,1373583 words of node,token memory allocated
 1356 words of node memory still in use:
   22 hlist, 2 vlist, 10 rule, 2 glue, 4 kern, 1 glyph, 111 attribute, 97 glue_spec, 56 attribute_list, 2 write, 16 pdf_literal, 1 pdf_action, 16 pdf_colorstack nodes
   avail lists: 1:1,2:9244,3:2359,4:208,5:336,6:300,7:6553,8:2,9:3175,10:15,11:207
 53091 multiletter control sequences out of 65536+600000
 56 fonts using 21461015 bytes
 84i,12n,92p,964b,1105s stack positions out of 10000i,1000n,20000p,200000b,200000s
<c:/Users/GHC/AppData/Roaming/TinyTeX/texmf-dist/fonts/opentype/public/lm/lmmono12-regular.otf><c:/Windows/Fonts/timesi.ttf><c:/Windows/Fonts/times.ttf><c:/Windows/Fonts/timesbd.ttf><c:/Users/GHC/AppData/Roaming/TinyTeX/texmf-dist/fonts/type1/public/amsfonts/cm/cmr12.pfb><c:/Users/GHC/AppData/Roaming/TinyTeX/texmf-dist/fonts/type1/public/amsfonts/cm/cmsy10.pfb>
Output written on main.pdf (58 pages, 333929 bytes).

PDF statistics: 1198 PDF objects out of 1200 (max. 8388607)
 1095 compressed objects within 11 object streams
 377 named destinations out of 1000 (max. 1048576)
 1208 words of extra memory for PDF output out of 10000 (max. 100000000)

